******************************************************************************
                  TI ARM Linker PC v5.1.1                      
******************************************************************************
>> Linked Sun Oct 30 00:34:21 2016

OUTPUT FILE NAME:   <serial.c.out>
ENTRY POINT SYMBOL: "_c_int00"  address: 000005b1


MEMORY CONFIGURATION

         name            origin    length      used     unused   attr    fill
----------------------  --------  ---------  --------  --------  ----  --------
  FLASH                 00000000   00040000  00000700  0003f900  R  X
  SRAM                  20000000   00008000  00000814  000077ec  RW X


SEGMENT ALLOCATION MAP

run origin  load origin   length   init length attrs members
----------  ----------- ---------- ----------- ----- -------
00000000    00000000    00000700   00000700    r-x
  00000000    00000000    0000026c   0000026c    r-- .intvecs
  0000026c    0000026c    00000474   00000474    r-x .text
  000006e0    000006e0    00000020   00000020    r-- .cinit
20000000    20000000    00000814   00000000    rw-
  20000000    20000000    00000800   00000000    rw- .stack
  20000800    20000800    00000014   00000000    rw- .data


SECTION ALLOCATION MAP

 output                                  attributes/
section   page    origin      length       input sections
--------  ----  ----------  ----------   ----------------
.intvecs   0    00000000    0000026c     
                  00000000    0000026c     tm4c123gh6pm_startup_ccs.obj (.intvecs)

.init_array 
*          0    00000000    00000000     UNINITIALIZED

.text      0    0000026c    00000474     
                  0000026c    000001b4     serial.obj (.text)
                  00000420    0000009c     rtsv7M4_T_le_v4SPD16_eabi.lib : memcpy_t2.obj (.text)
                  000004bc    00000094                                   : auto_init.obj (.text)
                  00000550    0000005e                                   : copy_decompress_rle.obj (.text)
                  000005ae    00000002     --HOLE-- [fill = 0]
                  000005b0    00000048                                   : boot.obj (.text)
                  000005f8    00000044                                   : cpy_tbl.obj (.text)
                  0000063c    00000044                                   : exit.obj (.text)
                  00000680    00000018                                   : args_main.obj (.text)
                  00000698    00000014                                   : _lock.obj (.text)
                  000006ac    00000014                                   : strlen.obj (.text)
                  000006c0    0000000e                                   : copy_decompress_none.obj (.text:decompress:none)
                  000006ce    0000000c     tm4c123gh6pm_startup_ccs.obj (.text)
                  000006da    00000006     rtsv7M4_T_le_v4SPD16_eabi.lib : copy_decompress_rle.obj (.text:decompress:rle24)

.cinit     0    000006e0    00000020     
                  000006e0    0000000f     (.cinit..data.load) [load image, compression = rle]
                  000006ef    00000001     --HOLE-- [fill = 0]
                  000006f0    00000008     (__TI_handler_table)
                  000006f8    00000008     (__TI_cinit_table)

.stack     0    20000000    00000800     UNINITIALIZED
                  20000000    00000800     --HOLE--

.data      0    20000800    00000014     UNINITIALIZED
                  20000800    00000008     rtsv7M4_T_le_v4SPD16_eabi.lib : _lock.obj (.data)
                  20000808    00000008                                   : exit.obj (.data)
                  20000810    00000004                                   : stkdepth_vars.obj (.data)


LINKER GENERATED COPY TABLES

__TI_cinit_table @ 000006f8 records: 1, size/record: 8, table size: 8
	.data: load addr=000006e0, load size=0000000f bytes, run addr=20000800, run size=00000014 bytes, compression=rle


LINKER GENERATED HANDLER TABLE

__TI_handler_table @ 000006f0 records: 2, size/record: 4, table size: 8
	index: 0, handler: __TI_decompress_rle24
	index: 1, handler: __TI_decompress_none


GLOBAL SYMBOLS: SORTED ALPHABETICALLY BY Name 

address    name
--------   ----
0000063d   C$$EXIT
000006cf   ResetISR
UNDEFED    SHT$$INIT_ARRAY$$Base
UNDEFED    SHT$$INIT_ARRAY$$Limit
20000800   __STACK_END
00000800   __STACK_SIZE
20000200   __STACK_TOP
000006f8   __TI_CINIT_Base
00000700   __TI_CINIT_Limit
000006f0   __TI_Handler_Table_Base
000006f8   __TI_Handler_Table_Limit
00000001   __TI_args_main
000004bd   __TI_auto_init
20000808   __TI_cleanup_ptr
000006c1   __TI_decompress_none
000006db   __TI_decompress_rle24
2000080c   __TI_dtors_ptr
00000000   __TI_static_base__
00000421   __aeabi_memcpy
00000421   __aeabi_memcpy4
00000421   __aeabi_memcpy8
ffffffff   __binit__
ffffffff   __c_args__
20000000   __stack
00000681   _args_main
000005b1   _c_int00
20000800   _lock
000006a7   _nop
0000069f   _register_lock
00000699   _register_unlock
20000804   _unlock
00000641   abort
ffffffff   binit
000005f9   copy_in
00000649   exit
00000000   g_pfnVectors
00000341   getcUart0
0000027d   initHw
00000355   main
20000810   main_func_sp
00000421   memcpy
000002f3   putcUart0
0000030f   putsUart0
000006ad   strlen
0000026d   waitPbPress


GLOBAL SYMBOLS: SORTED BY Symbol Address 

address    name
--------   ----
00000000   __TI_static_base__
00000000   g_pfnVectors
00000001   __TI_args_main
0000026d   waitPbPress
0000027d   initHw
000002f3   putcUart0
0000030f   putsUart0
00000341   getcUart0
00000355   main
00000421   __aeabi_memcpy
00000421   __aeabi_memcpy4
00000421   __aeabi_memcpy8
00000421   memcpy
000004bd   __TI_auto_init
000005b1   _c_int00
000005f9   copy_in
0000063d   C$$EXIT
00000641   abort
00000649   exit
00000681   _args_main
00000699   _register_unlock
0000069f   _register_lock
000006a7   _nop
000006ad   strlen
000006c1   __TI_decompress_none
000006cf   ResetISR
000006db   __TI_decompress_rle24
000006f0   __TI_Handler_Table_Base
000006f8   __TI_CINIT_Base
000006f8   __TI_Handler_Table_Limit
00000700   __TI_CINIT_Limit
00000800   __STACK_SIZE
20000000   __stack
20000200   __STACK_TOP
20000800   __STACK_END
20000800   _lock
20000804   _unlock
20000808   __TI_cleanup_ptr
2000080c   __TI_dtors_ptr
20000810   main_func_sp
ffffffff   __binit__
ffffffff   __c_args__
ffffffff   binit
UNDEFED    SHT$$INIT_ARRAY$$Base
UNDEFED    SHT$$INIT_ARRAY$$Limit

[45 symbols]
