******************************************************************************
                  TI ARM Linker PC v5.1.1                      
******************************************************************************
>> Linked Mon Nov 14 20:25:34 2016

OUTPUT FILE NAME:   <step7and8.c.out>
ENTRY POINT SYMBOL: "_c_int00"  address: 00001a1d


MEMORY CONFIGURATION

         name            origin    length      used     unused   attr    fill
----------------------  --------  ---------  --------  --------  ----  --------
  FLASH                 00000000   00040000  00002054  0003dfac  R  X
  SRAM                  20000000   00008000  00004a2d  000035d3  RW X


SEGMENT ALLOCATION MAP

run origin  load origin   length   init length attrs members
----------  ----------- ---------- ----------- ----- -------
00000000    00000000    00002058   00002058    r-x
  00000000    00000000    0000026c   0000026c    r-- .intvecs
  0000026c    0000026c    00001b60   00001b60    r-x .text
  00001dd0    00001dd0    00000220   00000220    r-- .const
  00001ff0    00001ff0    00000068   00000068    r-- .cinit
20000000    20000000    00004a31   00000000    rw-
  20000000    20000000    000040dc   00000000    rw- .bss
  200040dc    200040dc    00000800   00000000    rw- .stack
  200048e0    200048e0    00000151   00000000    rw- .data


SECTION ALLOCATION MAP

 output                                  attributes/
section   page    origin      length       input sections
--------  ----  ----------  ----------   ----------------
.intvecs   0    00000000    0000026c     
                  00000000    0000026c     tm4c123gh6pm_startup_ccs.obj (.intvecs)

.init_array 
*          0    00000000    00000000     UNINITIALIZED

.text      0    0000026c    00001b60     
                  0000026c    000008d0     step7and8.obj (.text)
                  00000b3c    000002a8     rtsv7M4_T_le_v4SPD16_eabi.lib : xsin.obj (.text)
                  00000de4    0000023c                                   : strtod.obj (.text)
                  00001020    000001b6                                   : fd_add_t2.obj (.text)
                  000011d6    00000002     --HOLE-- [fill = 0]
                  000011d8    0000016c                                   : fmod.obj (.text)
                  00001344    00000136                                   : fd_div_t2.obj (.text)
                  0000147a    00000002     --HOLE-- [fill = 0]
                  0000147c    00000110                                   : xdscale.obj (.text)
                  0000158c    000000fc                                   : fd_mul_t2.obj (.text)
                  00001688    000000c4                                   : xdnorm.obj (.text)
                  0000174c    0000009c                                   : memcpy_t2.obj (.text)
                  000017e8    00000094                                   : auto_init.obj (.text)
                  0000187c    0000007e                                   : fd_cmp_t2.obj (.text:__aeabi_cdcmple)
                  000018fa    00000078                                   : memset_t2.obj (.text)
                  00001972    0000005e                                   : copy_decompress_rle.obj (.text)
                  000019d0    0000004a                                   : fd_tos_t2.obj (.text)
                  00001a1a    00000002     --HOLE-- [fill = 0]
                  00001a1c    00000048                                   : boot.obj (.text)
                  00001a64    00000048                                   : fd_toi_t2.obj (.text)
                  00001aac    00000044                                   : cpy_tbl.obj (.text)
                  00001af0    00000044                                   : exit.obj (.text)
                  00001b34    00000044                                   : fd_tou_t2.obj (.text)
                  00001b78    00000044                                   : xdtest.obj (.text)
                  00001bbc    00000040                                   : signal.obj (.text)
                  00001bfc    00000038                                   : fs_tod_t2.obj (.text)
                  00001c34    00000034                                   : feraiseexcept.obj (.text)
                  00001c68    00000030                                   : xferaise.obj (.text)
                  00001c98    0000002e                                   : i_tofd_t2.obj (.text)
                  00001cc6    0000002e                                   : raise.obj (.text)
                  00001cf4    00000020                                   : u_tofd_t2.obj (.text)
                  00001d14    0000001a                                   : sin.obj (.text)
                  00001d2e    00000002     --HOLE-- [fill = 0]
                  00001d30    00000018                                   : args_main.obj (.text)
                  00001d48    00000018                                   : strcmp.obj (.text)
                  00001d60    00000014                                   : _lock.obj (.text)
                  00001d74    00000014                                   : strlen.obj (.text)
                  00001d88    00000012                                   : copy_zero_init.obj (.text:decompress:ZI)
                  00001d9a    00000012                                   : atof.obj (.text)
                  00001dac    0000000e                                   : copy_decompress_none.obj (.text:decompress:none)
                  00001dba    0000000c     tm4c123gh6pm_startup_ccs.obj (.text)
                  00001dc6    00000006     rtsv7M4_T_le_v4SPD16_eabi.lib : copy_decompress_rle.obj (.text:decompress:rle24)

.const     0    00001dd0    00000220     
                  00001dd0    00000102     rtsv7M4_T_le_v4SPD16_eabi.lib : ctype.obj (.const:.string:_ctypes_)
                  00001ed2    00000006     --HOLE-- [fill = 0]
                  00001ed8    00000098                                   : strtod.obj (.const)
                  00001f70    00000080                                   : xsin.obj (.const)

.cinit     0    00001ff0    00000068     
                  00001ff0    00000041     (.cinit..data.load) [load image, compression = rle]
                  00002031    00000003     --HOLE-- [fill = 0]
                  00002034    0000000c     (__TI_handler_table)
                  00002040    00000008     (.cinit..bss.load) [load image, compression = zero_init]
                  00002048    00000010     (__TI_cinit_table)

.bss       0    20000000    000040dc     UNINITIALIZED
                  20000000    00004000     step7and8.obj (.bss:table)
                  20004000    00000054     step7and8.obj (.bss:str_new1)
                  20004054    00000054     step7and8.obj (.bss:stri)
                  200040a8    00000014     (.common:field_position)
                  200040bc    00000004     (.common:amplitude)
                  200040c0    00000004     (.common:arrived_data)
                  200040c4    00000004     (.common:delta_phase)
                  200040c8    00000004     (.common:freq2)
                  200040cc    00000004     (.common:frequency)
                  200040d0    00000004     (.common:phase)
                  200040d4    00000004     (.common:value)
                  200040d8    00000002     (.common:index)
                  200040da    00000002     (.common:n)

.stack     0    200040dc    00000800     UNINITIALIZED
                  200040dc    00000800     --HOLE--

.data      0    200048e0    00000151     UNINITIALIZED
                  200048e0    000000b0     rtsv7M4_T_le_v4SPD16_eabi.lib : signal.obj (.data:sigtable)
                  20004990    00000080                                   : xvalues.obj (.data)
                  20004a10    00000008                                   : _lock.obj (.data)
                  20004a18    00000008                                   : exit.obj (.data)
                  20004a20    00000008                                   : feraiseexcept.obj (.data)
                  20004a28    00000004                                   : errno.obj (.data)
                  20004a2c    00000004                                   : stkdepth_vars.obj (.data)
                  20004a30    00000001     step7and8.obj (.data)


LINKER GENERATED COPY TABLES

__TI_cinit_table @ 00002048 records: 2, size/record: 8, table size: 16
	.data: load addr=00001ff0, load size=00000041 bytes, run addr=200048e0, run size=00000151 bytes, compression=rle
	.bss: load addr=00002040, load size=00000008 bytes, run addr=20000000, run size=000040dc bytes, compression=zero_init


LINKER GENERATED HANDLER TABLE

__TI_handler_table @ 00002034 records: 3, size/record: 4, table size: 12
	index: 0, handler: __TI_decompress_rle24
	index: 1, handler: __TI_decompress_none
	index: 2, handler: __TI_zero_init


GLOBAL SYMBOLS: SORTED ALPHABETICALLY BY Name 

address    name
--------   ----
00001af1   C$$EXIT
00001dbb   ResetISR
UNDEFED    SHT$$INIT_ARRAY$$Base
UNDEFED    SHT$$INIT_ARRAY$$Limit
00000a07   Timer1Isr
20004990   _Denorm
00001689   _Dnorm
0000147d   _Dscale
00001b79   _Dtest
200049a0   _Eps
20004a28   _Errno
20004a20   _Fenv
00001c69   _Feraise
200049b0   _Hugeval
200049c0   _Inf
200049d0   _Nan
200049f0   _Rteps
00000b3d   _Sin
200049e0   _Snan
20004a24   _Tls_setup__Fenv
20004a00   _Xbig
20004a08   _Zero
200048dc   __STACK_END
00000800   __STACK_SIZE
200042dc   __STACK_TOP
00002048   __TI_CINIT_Base
00002058   __TI_CINIT_Limit
00002034   __TI_Handler_Table_Base
00002040   __TI_Handler_Table_Limit
00000001   __TI_args_main
000017e9   __TI_auto_init
20004a18   __TI_cleanup_ptr
00001dad   __TI_decompress_none
00001dc7   __TI_decompress_rle24
20004a1c   __TI_dtors_ptr
00000000   __TI_static_base__
00001d89   __TI_zero_init
0000187d   __aeabi_cdcmpeq
0000187d   __aeabi_cdcmple
000019d1   __aeabi_d2f
00001a65   __aeabi_d2iz
00001b35   __aeabi_d2uiz
0000102b   __aeabi_dadd
00001345   __aeabi_ddiv
0000158d   __aeabi_dmul
00001021   __aeabi_dsub
00001bfd   __aeabi_f2d
00001c99   __aeabi_i2d
000018fb   __aeabi_memclr
000018fb   __aeabi_memclr4
000018fb   __aeabi_memclr8
0000174d   __aeabi_memcpy
0000174d   __aeabi_memcpy4
0000174d   __aeabi_memcpy8
000018fd   __aeabi_memset
000018fd   __aeabi_memset4
000018fd   __aeabi_memset8
00001cf5   __aeabi_ui2d
ffffffff   __binit__
ffffffff   __c_args__
200040dc   __stack
00001d31   _args_main
00001a1d   _c_int00
00001dd0   _ctypes_
20004a10   _lock
00001d6f   _nop
00001d67   _register_lock
00001d61   _register_unlock
20004a14   _unlock
00001af5   abort
200040bc   amplitude
200040c0   arrived_data
00001d9b   atof
ffffffff   binit
00000539   check_string
00001aad   copy_in
200040c4   delta_phase
00001afd   exit
00001c35   feraiseexcept
20004a30   field_count
200040a8   field_position
000011d9   fmod
200040c8   freq2
200040cc   frequency
00000000   g_pfnVectors
00000849   get_number
00000415   getcUart0
00000875   getcommands
00000429   getstring
200040d8   index
0000028d   initHw
00000789   iscommand
000007b5   lookuptable
00000a41   main
20004a2c   main_func_sp
0000174d   memcpy
00001903   memset
200040da   n
200040d0   phase
000003c7   putcUart0
000003e3   putsUart0
00001cc7   raise
00001bbd   signal
00001d15   sin
20004000   str_new1
00001d49   strcmp
20004054   stri
00001d75   strlen
00000de5   strtod
20000000   table
200040d4   value
0000026d   waitMicrosecond


GLOBAL SYMBOLS: SORTED BY Symbol Address 

address    name
--------   ----
00000000   __TI_static_base__
00000000   g_pfnVectors
00000001   __TI_args_main
0000026d   waitMicrosecond
0000028d   initHw
000003c7   putcUart0
000003e3   putsUart0
00000415   getcUart0
00000429   getstring
00000539   check_string
00000789   iscommand
000007b5   lookuptable
00000800   __STACK_SIZE
00000849   get_number
00000875   getcommands
00000a07   Timer1Isr
00000a41   main
00000b3d   _Sin
00000de5   strtod
00001021   __aeabi_dsub
0000102b   __aeabi_dadd
000011d9   fmod
00001345   __aeabi_ddiv
0000147d   _Dscale
0000158d   __aeabi_dmul
00001689   _Dnorm
0000174d   __aeabi_memcpy
0000174d   __aeabi_memcpy4
0000174d   __aeabi_memcpy8
0000174d   memcpy
000017e9   __TI_auto_init
0000187d   __aeabi_cdcmpeq
0000187d   __aeabi_cdcmple
000018fb   __aeabi_memclr
000018fb   __aeabi_memclr4
000018fb   __aeabi_memclr8
000018fd   __aeabi_memset
000018fd   __aeabi_memset4
000018fd   __aeabi_memset8
00001903   memset
000019d1   __aeabi_d2f
00001a1d   _c_int00
00001a65   __aeabi_d2iz
00001aad   copy_in
00001af1   C$$EXIT
00001af5   abort
00001afd   exit
00001b35   __aeabi_d2uiz
00001b79   _Dtest
00001bbd   signal
00001bfd   __aeabi_f2d
00001c35   feraiseexcept
00001c69   _Feraise
00001c99   __aeabi_i2d
00001cc7   raise
00001cf5   __aeabi_ui2d
00001d15   sin
00001d31   _args_main
00001d49   strcmp
00001d61   _register_unlock
00001d67   _register_lock
00001d6f   _nop
00001d75   strlen
00001d89   __TI_zero_init
00001d9b   atof
00001dad   __TI_decompress_none
00001dbb   ResetISR
00001dc7   __TI_decompress_rle24
00001dd0   _ctypes_
00002034   __TI_Handler_Table_Base
00002040   __TI_Handler_Table_Limit
00002048   __TI_CINIT_Base
00002058   __TI_CINIT_Limit
20000000   table
20004000   str_new1
20004054   stri
200040a8   field_position
200040bc   amplitude
200040c0   arrived_data
200040c4   delta_phase
200040c8   freq2
200040cc   frequency
200040d0   phase
200040d4   value
200040d8   index
200040da   n
200040dc   __stack
200042dc   __STACK_TOP
200048dc   __STACK_END
20004990   _Denorm
200049a0   _Eps
200049b0   _Hugeval
200049c0   _Inf
200049d0   _Nan
200049e0   _Snan
200049f0   _Rteps
20004a00   _Xbig
20004a08   _Zero
20004a10   _lock
20004a14   _unlock
20004a18   __TI_cleanup_ptr
20004a1c   __TI_dtors_ptr
20004a20   _Fenv
20004a24   _Tls_setup__Fenv
20004a28   _Errno
20004a2c   main_func_sp
20004a30   field_count
ffffffff   __binit__
ffffffff   __c_args__
ffffffff   binit
UNDEFED    SHT$$INIT_ARRAY$$Base
UNDEFED    SHT$$INIT_ARRAY$$Limit

[112 symbols]
