******************************************************************************
                  TI ARM Linker PC v5.1.1                      
******************************************************************************
>> Linked Fri Nov 04 18:00:49 2016

OUTPUT FILE NAME:   <step5.c.out>
ENTRY POINT SYMBOL: "_c_int00"  address: 000011c9


MEMORY CONFIGURATION

         name            origin    length      used     unused   attr    fill
----------------------  --------  ---------  --------  --------  ----  --------
  FLASH                 00000000   00040000  0000150c  0003eaf4  R  X
  SRAM                  20000000   00008000  00000914  000076ec  RW X


SEGMENT ALLOCATION MAP

run origin  load origin   length   init length attrs members
----------  ----------- ---------- ----------- ----- -------
00000000    00000000    00001510   00001510    r-x
  00000000    00000000    0000026c   0000026c    r-- .intvecs
  0000026c    0000026c    000010c8   000010c8    r-x .text
  00001338    00001338    000001a0   000001a0    r-- .const
  000014d8    000014d8    00000038   00000038    r-- .cinit
20000000    20000000    00000914   00000000    rw-
  20000000    20000000    00000800   00000000    rw- .stack
  20000800    20000800    000000a4   00000000    rw- .bss
  200008a4    200008a4    00000070   00000000    rw- .data


SECTION ALLOCATION MAP

 output                                  attributes/
section   page    origin      length       input sections
--------  ----  ----------  ----------   ----------------
.intvecs   0    00000000    0000026c     
                  00000000    0000026c     tm4c123gh6pm_startup_ccs.obj (.intvecs)

.init_array 
*          0    00000000    00000000     UNINITIALIZED

.text      0    0000026c    000010c8     
                  0000026c    00000668     step5.obj (.text)
                  000008d4    0000023c     rtsv7M4_T_le_v4SPD16_eabi.lib : strtod.obj (.text)
                  00000b10    000001b6                                   : fd_add_t2.obj (.text)
                  00000cc6    00000136                                   : fd_div_t2.obj (.text)
                  00000dfc    000000fc                                   : fd_mul_t2.obj (.text)
                  00000ef8    0000009c                                   : memcpy_t2.obj (.text)
                  00000f94    00000094                                   : auto_init.obj (.text)
                  00001028    0000007e                                   : fd_cmp_t2.obj (.text:__aeabi_cdcmple)
                  000010a6    00000078                                   : memset_t2.obj (.text)
                  0000111e    0000005e                                   : copy_decompress_rle.obj (.text)
                  0000117c    0000004a                                   : fd_tos_t2.obj (.text)
                  000011c6    00000002     --HOLE-- [fill = 0]
                  000011c8    00000048                                   : boot.obj (.text)
                  00001210    00000044                                   : cpy_tbl.obj (.text)
                  00001254    00000044                                   : exit.obj (.text)
                  00001298    00000018                                   : args_main.obj (.text)
                  000012b0    00000018                                   : strcmp.obj (.text)
                  000012c8    00000014                                   : _lock.obj (.text)
                  000012dc    00000014                                   : strlen.obj (.text)
                  000012f0    00000012                                   : copy_zero_init.obj (.text:decompress:ZI)
                  00001302    00000012                                   : atof.obj (.text)
                  00001314    0000000e                                   : copy_decompress_none.obj (.text:decompress:none)
                  00001322    0000000c     tm4c123gh6pm_startup_ccs.obj (.text)
                  0000132e    00000006     rtsv7M4_T_le_v4SPD16_eabi.lib : copy_decompress_rle.obj (.text:decompress:rle24)

.const     0    00001338    000001a0     
                  00001338    00000102     rtsv7M4_T_le_v4SPD16_eabi.lib : ctype.obj (.const:.string:_ctypes_)
                  0000143a    00000006     --HOLE-- [fill = 0]
                  00001440    00000098                                   : strtod.obj (.const)

.cinit     0    000014d8    00000038     
                  000014d8    00000012     (.cinit..data.load) [load image, compression = rle]
                  000014ea    00000002     --HOLE-- [fill = 0]
                  000014ec    0000000c     (__TI_handler_table)
                  000014f8    00000008     (.cinit..bss.load) [load image, compression = zero_init]
                  00001500    00000010     (__TI_cinit_table)

.stack     0    20000000    00000800     UNINITIALIZED
                  20000000    00000800     --HOLE--

.bss       0    20000800    000000a4     UNINITIALIZED
                  20000800    00000054     step5.obj (.bss:str_new1)
                  20000854    00000050     step5.obj (.bss:field_position)

.data      0    200008a4    00000070     UNINITIALIZED
                  200008a4    00000051     step5.obj (.data:stri)
                  200008f5    00000003     --HOLE--
                  200008f8    00000008     rtsv7M4_T_le_v4SPD16_eabi.lib : _lock.obj (.data)
                  20000900    00000008                                   : exit.obj (.data)
                  20000908    00000004                                   : errno.obj (.data)
                  2000090c    00000004                                   : stkdepth_vars.obj (.data)
                  20000910    00000004     step5.obj (.data)


LINKER GENERATED COPY TABLES

__TI_cinit_table @ 00001500 records: 2, size/record: 8, table size: 16
	.data: load addr=000014d8, load size=00000012 bytes, run addr=200008a4, run size=00000070 bytes, compression=rle
	.bss: load addr=000014f8, load size=00000008 bytes, run addr=20000800, run size=000000a4 bytes, compression=zero_init


LINKER GENERATED HANDLER TABLE

__TI_handler_table @ 000014ec records: 3, size/record: 4, table size: 12
	index: 0, handler: __TI_decompress_rle24
	index: 1, handler: __TI_decompress_none
	index: 2, handler: __TI_zero_init


GLOBAL SYMBOLS: SORTED ALPHABETICALLY BY Name 

address    name
--------   ----
00001255   C$$EXIT
00001323   ResetISR
UNDEFED    SHT$$INIT_ARRAY$$Base
UNDEFED    SHT$$INIT_ARRAY$$Limit
20000908   _Errno
20000800   __STACK_END
00000800   __STACK_SIZE
20000200   __STACK_TOP
00001500   __TI_CINIT_Base
00001510   __TI_CINIT_Limit
000014ec   __TI_Handler_Table_Base
000014f8   __TI_Handler_Table_Limit
00000001   __TI_args_main
00000f95   __TI_auto_init
20000900   __TI_cleanup_ptr
00001315   __TI_decompress_none
0000132f   __TI_decompress_rle24
20000904   __TI_dtors_ptr
00000000   __TI_static_base__
000012f1   __TI_zero_init
00001029   __aeabi_cdcmpeq
00001029   __aeabi_cdcmple
0000117d   __aeabi_d2f
00000b1b   __aeabi_dadd
00000cc7   __aeabi_ddiv
00000dfd   __aeabi_dmul
00000b11   __aeabi_dsub
000010a7   __aeabi_memclr
000010a7   __aeabi_memclr4
000010a7   __aeabi_memclr8
00000ef9   __aeabi_memcpy
00000ef9   __aeabi_memcpy4
00000ef9   __aeabi_memcpy8
000010a9   __aeabi_memset
000010a9   __aeabi_memset4
000010a9   __aeabi_memset8
ffffffff   __binit__
ffffffff   __c_args__
20000000   __stack
00001299   _args_main
000011c9   _c_int00
00001338   _ctypes_
200008f8   _lock
000012d7   _nop
000012cf   _register_lock
000012c9   _register_unlock
200008fc   _unlock
00001259   abort
00001303   atof
ffffffff   binit
000004c5   check_string
00001211   copy_in
00001261   exit
20000910   field_count
20000854   field_position
00000000   g_pfnVectors
000006e7   get_number
000003bd   getcUart0
00000715   getcommands
000003d1   getstring
0000026d   initHw
000006bb   iscommand
0000083b   main
2000090c   main_func_sp
00000ef9   memcpy
000010af   memset
0000036f   putcUart0
0000038b   putsUart0
000007af   sendDACData
000007e5   step6
20000800   str_new1
000012b1   strcmp
200008a4   stri
000012dd   strlen
000008d5   strtod


GLOBAL SYMBOLS: SORTED BY Symbol Address 

address    name
--------   ----
00000000   __TI_static_base__
00000000   g_pfnVectors
00000001   __TI_args_main
0000026d   initHw
0000036f   putcUart0
0000038b   putsUart0
000003bd   getcUart0
000003d1   getstring
000004c5   check_string
000006bb   iscommand
000006e7   get_number
00000715   getcommands
000007af   sendDACData
000007e5   step6
00000800   __STACK_SIZE
0000083b   main
000008d5   strtod
00000b11   __aeabi_dsub
00000b1b   __aeabi_dadd
00000cc7   __aeabi_ddiv
00000dfd   __aeabi_dmul
00000ef9   __aeabi_memcpy
00000ef9   __aeabi_memcpy4
00000ef9   __aeabi_memcpy8
00000ef9   memcpy
00000f95   __TI_auto_init
00001029   __aeabi_cdcmpeq
00001029   __aeabi_cdcmple
000010a7   __aeabi_memclr
000010a7   __aeabi_memclr4
000010a7   __aeabi_memclr8
000010a9   __aeabi_memset
000010a9   __aeabi_memset4
000010a9   __aeabi_memset8
000010af   memset
0000117d   __aeabi_d2f
000011c9   _c_int00
00001211   copy_in
00001255   C$$EXIT
00001259   abort
00001261   exit
00001299   _args_main
000012b1   strcmp
000012c9   _register_unlock
000012cf   _register_lock
000012d7   _nop
000012dd   strlen
000012f1   __TI_zero_init
00001303   atof
00001315   __TI_decompress_none
00001323   ResetISR
0000132f   __TI_decompress_rle24
00001338   _ctypes_
000014ec   __TI_Handler_Table_Base
000014f8   __TI_Handler_Table_Limit
00001500   __TI_CINIT_Base
00001510   __TI_CINIT_Limit
20000000   __stack
20000200   __STACK_TOP
20000800   __STACK_END
20000800   str_new1
20000854   field_position
200008a4   stri
200008f8   _lock
200008fc   _unlock
20000900   __TI_cleanup_ptr
20000904   __TI_dtors_ptr
20000908   _Errno
2000090c   main_func_sp
20000910   field_count
ffffffff   __binit__
ffffffff   __c_args__
ffffffff   binit
UNDEFED    SHT$$INIT_ARRAY$$Base
UNDEFED    SHT$$INIT_ARRAY$$Limit

[75 symbols]
